sorathiya
bhavi@Bhavin MINGW64 ~/OneDrive/Desktop/git branch
$ git init
Initialized empty Git repository in C:/Users/bhavi/OneDrive/Desktop/git branch/.git/

bhavi@Bhavin MINGW64 ~/OneDrive/Desktop/git branch (master)
$ git status
On branch master

No commits yet

Untracked files:
  (use "git add <file>..." to include in what will be committed)
        1.txt.txt
        2.txt.txt

nothing added to commit but untracked files present (use "git add" to track)

bhavi@Bhavin MINGW64 ~/OneDrive/Desktop/git branch (master)
$ git add .

bhavi@Bhavin MINGW64 ~/OneDrive/Desktop/git branch (master)
$ git commit -m "commit"
[master (root-commit) 9197aaa] commit
 2 files changed, 2 insertions(+)
 create mode 100644 1.txt.txt
 create mode 100644 2.txt.txt

bhavi@Bhavin MINGW64 ~/OneDrive/Desktop/git branch (master)
$ git remote add origin https://github.com/bhavinoo7/branch.git

bhavi@Bhavin MINGW64 ~/OneDrive/Desktop/git branch (master)
$ git push origin master
Enumerating objects: 4, done.
Counting objects: 100% (4/4), done.
Delta compression using up to 16 threads
Compressing objects: 100% (2/2), done.
Writing objects: 100% (4/4), 254 bytes | 254.00 KiB/s, done.
Total 4 (delta 0), reused 0 (delta 0), pack-reused 0
To https://github.com/bhavinoo7/branch.git
 * [new branch]      master -> master

bhavi@Bhavin MINGW64 ~/OneDrive/Desktop/git branch (master)
$ git status
On branch master
nothing to commit, working tree clean

bhavi@Bhavin MINGW64 ~/OneDrive/Desktop/git branch (master)
$ git branch
* master

bhavi@Bhavin MINGW64 ~/OneDrive/Desktop/git branch (master)
$ git branch add-sorathiya

bhavi@Bhavin MINGW64 ~/OneDrive/Desktop/git branch (master)
$ git branch
  add-sorathiya
* master

bhavi@Bhavin MINGW64 ~/OneDrive/Desktop/git branch (master)
$ git checkout add-sorathiya
Switched to branch 'add-sorathiya'

bhavi@Bhavin MINGW64 ~/OneDrive/Desktop/git branch (add-sorathiya)
$ git branch
* add-sorathiya
  master

bhavi@Bhavin MINGW64 ~/OneDrive/Desktop/git branch (add-sorathiya)
$ git status
On branch add-sorathiya
Changes not staged for commit:
  (use "git add <file>..." to update what will be committed)
  (use "git restore <file>..." to discard changes in working directory)
        modified:   1.txt.txt
        modified:   2.txt.txt

Untracked files:
  (use "git add <file>..." to include in what will be committed)
        3.txt.txt

no changes added to commit (use "git add" and/or "git commit -a")

bhavi@Bhavin MINGW64 ~/OneDrive/Desktop/git branch (add-sorathiya)
$ git add .

bhavi@Bhavin MINGW64 ~/OneDrive/Desktop/git branch (add-sorathiya)
$ git commit -m "sorathiya"
[add-sorathiya 37112f4] sorathiya
 3 files changed, 3 insertions(+), 1 deletion(-)
 create mode 100644 3.txt.txt

bhavi@Bhavin MINGW64 ~/OneDrive/Desktop/git branch (add-sorathiya)
$ git push origin add-sorathiya
Enumerating objects: 7, done.
Counting objects: 100% (7/7), done.
Delta compression using up to 16 threads
Compressing objects: 100% (2/2), done.
Writing objects: 100% (4/4), 324 bytes | 324.00 KiB/s, done.
Total 4 (delta 0), reused 0 (delta 0), pack-reused 0
remote:
remote: Create a pull request for 'add-sorathiya' on GitHub by visiting:
remote:      https://github.com/bhavinoo7/branch/pull/new/add-sorathiya
remote:
To https://github.com/bhavinoo7/branch.git
 * [new branch]      add-sorathiya -> add-sorathiya

bhavi@Bhavin MINGW64 ~/OneDrive/Desktop/git branch (add-sorathiya)
$ git checkout master
Switched to branch 'master'

bhavi@Bhavin MINGW64 ~/OneDrive/Desktop/git branch (master)
$ git merge add-sorathiya
Updating 9197aaa..37112f4
Fast-forward
 1.txt.txt | 2 +-
 2.txt.txt | 1 +
 3.txt.txt | 1 +
 3 files changed, 3 insertions(+), 1 deletion(-)
 create mode 100644 3.txt.txt

bhavi@Bhavin MINGW64 ~/OneDrive/Desktop/git branch (master)
$ git status
On branch master
nothing to commit, working tree clean

bhavi@Bhavin MINGW64 ~/OneDrive/Desktop/git branch (master)
$
